[0m00:41:58.717614 [debug] [MainThread]: Sending event: {'category': 'dbt', 'action': 'invocation', 'label': 'start', 'context': [<snowplow_tracker.self_describing_json.SelfDescribingJson object at 0x7ffffc1dec90>, <snowplow_tracker.self_describing_json.SelfDescribingJson object at 0x7ffffbbe8b00>, <snowplow_tracker.self_describing_json.SelfDescribingJson object at 0x7ffffbf84a70>]}


============================== 00:41:58.727473 | 05232f7f-d6b3-4110-823f-4149415a01d0 ==============================
[0m00:41:58.727473 [info ] [MainThread]: Running with dbt=1.9.0
[0m00:41:58.728419 [debug] [MainThread]: running dbt with arguments {'printer_width': '80', 'indirect_selection': 'eager', 'log_cache_events': 'False', 'write_json': 'True', 'partial_parse': 'True', 'cache_selected_only': 'False', 'warn_error': 'None', 'fail_fast': 'False', 'profiles_dir': '/root/.dbt', 'log_path': 'logs', 'version_check': 'True', 'debug': 'False', 'use_colors': 'True', 'use_experimental_parser': 'False', 'no_print': 'None', 'quiet': 'False', 'empty': 'None', 'log_format': 'default', 'invocation_command': 'dbt init weather_project', 'warn_error_options': 'WarnErrorOptions(include=[], exclude=[])', 'introspect': 'True', 'target_path': 'None', 'static_parser': 'True', 'send_anonymous_usage_stats': 'True'}
[0m00:41:58.753596 [warn ] [MainThread]: [ConfigFolderDirectory]: Unable to parse logging event dictionary. Failed to parse dir field: expected string or bytes-like object, got 'PosixPath'.. Dictionary: {'dir': PosixPath('/root/.dbt')}
[0m00:41:58.754159 [info ] [MainThread]: Creating dbt configuration folder at 
[0m00:41:58.755492 [debug] [MainThread]: Starter project path: /usr/local/lib/python3.12/site-packages/dbt/include/starter_project
[0m00:41:58.767034 [info ] [MainThread]: 
Your new dbt project "weather_project" was created!

For more information on how to configure the profiles.yml file,
please consult the dbt documentation here:

  https://docs.getdbt.com/docs/configure-your-profile

One more thing:

Need help? Don't hesitate to reach out to us via GitHub issues or on Slack:

  https://community.getdbt.com/

Happy modeling!

[0m00:41:58.767534 [info ] [MainThread]: Setting up your profile.
[0m00:43:46.203134 [info ] [MainThread]: Profile weather_project written to /root/.dbt/profiles.yml using target's profile_template.yml and your supplied values. Run 'dbt debug' to validate the connection.
[0m00:43:46.210908 [debug] [MainThread]: Resource report: {"command_name": "init", "command_success": true, "command_wall_clock_time": 107.546005, "process_in_blocks": "0", "process_kernel_time": 0.101179, "process_mem_max_rss": "108588", "process_out_blocks": "1484", "process_user_time": 1.030832}
[0m00:43:46.213100 [debug] [MainThread]: Command `dbt init` succeeded at 00:43:46.212731 after 107.55 seconds
[0m00:43:46.214273 [debug] [MainThread]: Sending event: {'category': 'dbt', 'action': 'invocation', 'label': 'end', 'context': [<snowplow_tracker.self_describing_json.SelfDescribingJson object at 0x7ffffc268e90>, <snowplow_tracker.self_describing_json.SelfDescribingJson object at 0x7ffffd5e8530>, <snowplow_tracker.self_describing_json.SelfDescribingJson object at 0x7ffffbf84a70>]}
[0m00:43:46.216697 [debug] [MainThread]: Flushing usage events
[0m00:43:46.674798 [debug] [MainThread]: An error was encountered while trying to flush usage events
[0m00:44:42.334121 [debug] [MainThread]: Sending event: {'category': 'dbt', 'action': 'invocation', 'label': 'start', 'context': [<snowplow_tracker.self_describing_json.SelfDescribingJson object at 0x7ffffc1dfe60>, <snowplow_tracker.self_describing_json.SelfDescribingJson object at 0x7ffffd3c9730>, <snowplow_tracker.self_describing_json.SelfDescribingJson object at 0x7ffffbecca70>]}


============================== 00:44:42.343319 | 33de8372-8f6b-4e1f-9666-7d64610e859b ==============================
[0m00:44:42.343319 [info ] [MainThread]: Running with dbt=1.9.0
[0m00:44:42.344176 [debug] [MainThread]: running dbt with arguments {'printer_width': '80', 'indirect_selection': 'eager', 'log_cache_events': 'False', 'write_json': 'True', 'partial_parse': 'True', 'cache_selected_only': 'False', 'profiles_dir': '/root/.dbt', 'fail_fast': 'False', 'version_check': 'True', 'log_path': 'logs', 'debug': 'False', 'warn_error': 'None', 'use_colors': 'True', 'use_experimental_parser': 'False', 'no_print': 'None', 'quiet': 'False', 'empty': 'None', 'log_format': 'default', 'invocation_command': 'dbt debug', 'introspect': 'True', 'static_parser': 'True', 'target_path': 'None', 'warn_error_options': 'WarnErrorOptions(include=[], exclude=[])', 'send_anonymous_usage_stats': 'True'}
[0m00:44:42.367461 [info ] [MainThread]: dbt version: 1.9.0
[0m00:44:42.367944 [info ] [MainThread]: python version: 3.12.4
[0m00:44:42.368322 [info ] [MainThread]: python path: /usr/local/bin/python
[0m00:44:42.368690 [info ] [MainThread]: os info: Linux-6.10.14-linuxkit-x86_64-with-glibc2.31
[0m00:44:42.369061 [info ] [MainThread]: Using profiles dir at /root/.dbt
[0m00:44:42.369375 [info ] [MainThread]: Using profiles.yml file at /root/.dbt/profiles.yml
[0m00:44:42.369667 [info ] [MainThread]: Using dbt_project.yml file at /usr/app/dbt_project.yml
[0m00:44:42.369952 [info ] [MainThread]: Configuration:
[0m00:44:42.370226 [info ] [MainThread]:   profiles.yml file [[31mERROR not found[0m]
[0m00:44:42.370537 [info ] [MainThread]:   dbt_project.yml file [[31mERROR not found[0m]
[0m00:44:42.370813 [info ] [MainThread]: Required dependencies:
[0m00:44:42.371239 [debug] [MainThread]: Executing "git --help"
[0m00:44:42.385343 [debug] [MainThread]: STDOUT: "b"usage: git [--version] [--help] [-C <path>] [-c <name>=<value>]\n           [--exec-path[=<path>]] [--html-path] [--man-path] [--info-path]\n           [-p | --paginate | -P | --no-pager] [--no-replace-objects] [--bare]\n           [--git-dir=<path>] [--work-tree=<path>] [--namespace=<name>]\n           <command> [<args>]\n\nThese are common Git commands used in various situations:\n\nstart a working area (see also: git help tutorial)\n   clone             Clone a repository into a new directory\n   init              Create an empty Git repository or reinitialize an existing one\n\nwork on the current change (see also: git help everyday)\n   add               Add file contents to the index\n   mv                Move or rename a file, a directory, or a symlink\n   restore           Restore working tree files\n   rm                Remove files from the working tree and from the index\n   sparse-checkout   Initialize and modify the sparse-checkout\n\nexamine the history and state (see also: git help revisions)\n   bisect            Use binary search to find the commit that introduced a bug\n   diff              Show changes between commits, commit and working tree, etc\n   grep              Print lines matching a pattern\n   log               Show commit logs\n   show              Show various types of objects\n   status            Show the working tree status\n\ngrow, mark and tweak your common history\n   branch            List, create, or delete branches\n   commit            Record changes to the repository\n   merge             Join two or more development histories together\n   rebase            Reapply commits on top of another base tip\n   reset             Reset current HEAD to the specified state\n   switch            Switch branches\n   tag               Create, list, delete or verify a tag object signed with GPG\n\ncollaborate (see also: git help workflows)\n   fetch             Download objects and refs from another repository\n   pull              Fetch from and integrate with another repository or a local branch\n   push              Update remote refs along with associated objects\n\n'git help -a' and 'git help -g' list available subcommands and some\nconcept guides. See 'git help <command>' or 'git help <concept>'\nto read about a specific subcommand or concept.\nSee 'git help git' for an overview of the system.\n""
[0m00:44:42.385835 [debug] [MainThread]: STDERR: "b''"
[0m00:44:42.386106 [info ] [MainThread]:  - git [[32mOK found[0m]

[0m00:44:42.386464 [info ] [MainThread]: Connection test skipped since no profile was found
[0m00:44:42.386872 [info ] [MainThread]: [31m2 checks failed:[0m
[0m00:44:42.387165 [info ] [MainThread]: dbt looked for a profiles.yml file in /root/.dbt/profiles.yml, but did
not find one. For more information on configuring your profile, consult the
documentation:

https://docs.getdbt.com/docs/configure-your-profile


[0m00:44:42.387523 [info ] [MainThread]: Project loading failed for the following reason:
 project path </usr/app/dbt_project.yml> not found

[0m00:44:42.389545 [debug] [MainThread]: Resource report: {"command_name": "debug", "command_success": false, "command_wall_clock_time": 0.09435304, "process_in_blocks": "0", "process_kernel_time": 0.101147, "process_mem_max_rss": "102424", "process_out_blocks": "1474", "process_user_time": 0.917267}
[0m00:44:42.390010 [debug] [MainThread]: Command `dbt debug` failed at 00:44:42.389913 after 0.10 seconds
[0m00:44:42.390480 [debug] [MainThread]: Sending event: {'category': 'dbt', 'action': 'invocation', 'label': 'end', 'context': [<snowplow_tracker.self_describing_json.SelfDescribingJson object at 0x7ffffbdae330>, <snowplow_tracker.self_describing_json.SelfDescribingJson object at 0x7ffffec3b620>, <snowplow_tracker.self_describing_json.SelfDescribingJson object at 0x7ffffb5d6960>]}
[0m00:44:42.390812 [debug] [MainThread]: Flushing usage events
[0m00:44:42.706669 [debug] [MainThread]: An error was encountered while trying to flush usage events
